✓ Initialized. View run at 
https://modal.com/apps/tishow/main/ap-yGFYQIpcZKCAMBR3i7zyMF
✓ Created objects.
├── 🔨 Created mount 
│   /Users/saitoutaishou/src/nurumayu/tennis/form-checker-mvp/backend/reconstruc
│   t.py
├── 🔨 Created mount PythonPackage:analysis
├── 🔨 Created web function web => https://tishow--serve-api-dev.modal.run
├── 🔨 Created function fetch_checkpoints.
├── 🔨 Created function reconstruct.
└── 🔨 Created function run_job.
送信: /Users/saitoutaishou/Downloads/zverev_serve.mp4 (3.1 MB) → Modal GPU で復元中…
[fps] 動画から検出: 29.97002997002997
[[36m08/07 12:10:41[0m][[32mINFO[0m] [Input]: inputs/zverev_serve.mp4[0m
[[36m08/07 12:10:41[0m][[32mINFO[0m] (L, W, H) = (327, 1080, 1918)[0m
[[36m08/07 12:10:41[0m][[32mINFO[0m] [Output Dir]: outputs/demo/zverev_serve[0m
[[36m08/07 12:10:41[0m][[32mINFO[0m] [Copy Video] inputs/zverev_serve.mp4 -> outputs/demo/zverev_serve/0_input_video.mp4[0m

[1ACopy:   0%|          | 0/327 [00:00<?, ?it/s]
[1ACopy:   0%|          | 1/327 [00:00<00:42,  7.68it/s]
[1ACopy:   1%|          | 4/327 [00:00<00:19, 16.67it/s]
[1ACopy:   2%|▏         | 7/327 [00:00<00:16, 19.19it/s]
[1ACopy:   3%|▎         | 10/327 [00:00<00:14, 21.88it/s]
[1ACopy:   4%|▍         | 13/327 [00:00<00:13, 23.72it/s]
[1ACopy:   5%|▍         | 16/327 [00:00<00:12, 25.10it/s]
[1ACopy:   6%|▌         | 19/327 [00:00<00:11, 26.10it/s]
[1ACopy:   7%|▋         | 22/327 [00:00<00:12, 24.62it/s]
[1ACopy:   8%|▊         | 25/327 [00:01<00:12, 24.76it/s]
[1ACopy:   9%|▉         | 29/327 [00:01<00:10, 28.26it/s]
[1ACopy:  10%|█         | 33/327 [00:01<00:09, 30.18it/s]
[1ACopy:  11%|█▏        | 37/327 [00:01<00:09, 31.34it/s]
[1ACopy:  13%|█▎        | 41/327 [00:01<00:10, 27.07it/s]
[1ACopy:  13%|█▎        | 44/327 [00:02<00:18, 15.65it/s]
[1ACopy:  14%|█▍        | 47/327 [00:02<00:18, 15.55it/s]
[1ACopy:  15%|█▍        | 49/327 [00:02<00:18, 15.27it/s]
[1ACopy:  16%|█▌        | 51/327 [00:02<00:18, 15.05it/s]
[1ACopy:  16%|█▌        | 53/327 [00:02<00:17, 15.47it/s]
[1ACopy:  17%|█▋        | 55/327 [00:02<00:18, 14.99it/s]
[1ACopy:  17%|█▋        | 57/327 [00:02<00:18, 14.75it/s]
[1ACopy:  18%|█▊        | 60/327 [00:03<00:15, 17.45it/s]
[1ACopy:  19%|█▉        | 62/327 [00:03<00:17, 15.25it/s]
[1ACopy:  20%|█▉        | 65/327 [00:03<00:16, 16.08it/s]
[1ACopy:  20%|██        | 67/327 [00:03<00:15, 16.73it/s]
[1ACopy:  21%|██        | 69/327 [00:03<00:15, 16.72it/s]
[1ACopy:  22%|██▏       | 71/327 [00:03<00:15, 16.68it/s]
[1ACopy:  22%|██▏       | 73/327 [00:03<00:14, 17.15it/s]
[1ACopy:  23%|██▎       | 76/327 [00:04<00:14, 16.93it/s]
[1ACopy:  24%|██▍       | 79/327 [00:04<00:12, 19.39it/s]
[1ACopy:  25%|██▍       | 81/327 [00:04<00:13, 18.05it/s]
[1ACopy:  26%|██▌       | 84/327 [00:04<00:13, 17.97it/s]
[1ACopy:  27%|██▋       | 87/327 [00:04<00:11, 20.15it/s]
[1ACopy:  28%|██▊       | 90/327 [00:04<00:12, 18.81it/s]
[1ACopy:  28%|██▊       | 92/327 [00:04<00:13, 17.72it/s]
[1ACopy:  29%|██▊       | 94/327 [00:04<00:13, 17.64it/s]
[1ACopy:  29%|██▉       | 96/327 [00:05<00:14, 16.07it/s]
[1ACopy:  30%|███       | 99/327 [00:05<00:13, 17.36it/s]
[1ACopy:  31%|███       | 102/327 [00:05<00:11, 18.99it/s]
[1ACopy:  32%|███▏      | 105/327 [00:05<00:11, 20.12it/s]
[1ACopy:  33%|███▎      | 108/327 [00:05<00:10, 20.88it/s]
[1ACopy:  34%|███▍      | 111/327 [00:05<00:10, 21.03it/s]
[1ACopy:  35%|███▍      | 114/327 [00:06<00:11, 18.90it/s]
[1ACopy:  35%|███▌      | 116/327 [00:06<00:11, 18.08it/s]
[1ACopy:  36%|███▌      | 118/327 [00:06<00:13, 15.09it/s]
[1ACopy:  37%|███▋      | 120/327 [00:06<00:14, 14.64it/s]
[1ACopy:  37%|███▋      | 122/327 [00:06<00:15, 13.36it/s]
[1ACopy:  38%|███▊      | 124/327 [00:06<00:13, 14.51it/s]
[1ACopy:  39%|███▊      | 126/327 [00:06<00:13, 14.69it/s]
[1ACopy:  39%|███▉      | 129/327 [00:07<00:12, 15.66it/s]
[1ACopy:  40%|████      | 132/327 [00:07<00:11, 17.35it/s]
[1ACopy:  41%|████      | 134/327 [00:07<00:11, 16.98it/s]
[1ACopy:  42%|████▏     | 136/327 [00:07<00:11, 17.12it/s]
[1ACopy:  42%|████▏     | 138/327 [00:07<00:10, 17.43it/s]
[1ACopy:  43%|████▎     | 141/327 [00:07<00:09, 18.74it/s]
[1ACopy:  44%|████▍     | 144/327 [00:07<00:08, 20.62it/s]
[1ACopy:  45%|████▍     | 147/327 [00:08<00:10, 17.40it/s]
[1ACopy:  46%|████▌     | 149/327 [00:08<00:11, 15.32it/s]
[1ACopy:  46%|████▌     | 151/327 [00:08<00:11, 15.02it/s]
[1ACopy:  47%|████▋     | 153/327 [00:08<00:12, 13.76it/s]
[1ACopy:  47%|████▋     | 155/327 [00:08<00:11, 14.71it/s]
[1ACopy:  48%|████▊     | 157/327 [00:08<00:11, 14.50it/s]
[1ACopy:  49%|████▊     | 159/327 [00:08<00:11, 15.06it/s]
[1ACopy:  49%|████▉     | 161/327 [00:09<00:11, 14.86it/s]
[1ACopy:  50%|█████     | 164/327 [00:09<00:09, 18.00it/s]
[1ACopy:  51%|█████     | 167/327 [00:09<00:08, 19.08it/s]
[1ACopy:  52%|█████▏    | 170/327 [00:09<00:07, 20.11it/s]
[1ACopy:  53%|█████▎    | 173/327 [00:09<00:07, 19.93it/s]
[1ACopy:  54%|█████▍    | 176/327 [00:09<00:07, 20.20it/s]
[1ACopy:  55%|█████▍    | 179/327 [00:09<00:07, 19.77it/s]
[1ACopy:  55%|█████▌    | 181/327 [00:10<00:08, 17.11it/s]
[1ACopy:  56%|█████▌    | 183/327 [00:10<00:08, 16.53it/s]
[1ACopy:  57%|█████▋    | 185/327 [00:10<00:08, 17.15it/s]
[1ACopy:  57%|█████▋    | 187/327 [00:10<00:09, 14.31it/s]
[1ACopy:  58%|█████▊    | 190/327 [00:10<00:08, 16.44it/s]
[1ACopy:  59%|█████▉    | 193/327 [00:10<00:07, 18.43it/s]
[1ACopy:  60%|█████▉    | 195/327 [00:10<00:07, 17.71it/s]
[1ACopy:  61%|██████    | 198/327 [00:11<00:06, 18.56it/s]
[1ACopy:  61%|██████▏   | 201/327 [00:11<00:06, 20.70it/s]
[1ACopy:  62%|██████▏   | 204/327 [00:11<00:06, 19.45it/s]
[1ACopy:  63%|██████▎   | 207/327 [00:11<00:06, 19.39it/s]
[1ACopy:  64%|██████▍   | 210/327 [00:11<00:06, 19.31it/s]
[1ACopy:  65%|██████▌   | 213/327 [00:11<00:05, 21.37it/s]
[1ACopy:  66%|██████▌   | 216/327 [00:11<00:05, 18.65it/s]
[1ACopy:  67%|██████▋   | 219/327 [00:12<00:05, 18.50it/s]
[1ACopy:  68%|██████▊   | 222/327 [00:12<00:05, 18.35it/s]
[1ACopy:  69%|██████▊   | 224/327 [00:12<00:05, 18.27it/s]
[1ACopy:  69%|██████▉   | 226/327 [00:12<00:05, 17.85it/s]
[1ACopy:  70%|███████   | 229/327 [00:12<00:05, 18.18it/s]
[1ACopy:  71%|███████   | 232/327 [00:12<00:04, 19.35it/s]
[1ACopy:  72%|███████▏  | 234/327 [00:12<00:04, 19.38it/s]
[1ACopy:  72%|███████▏  | 236/327 [00:13<00:04, 18.47it/s]
[1ACopy:  73%|███████▎  | 239/327 [00:13<00:04, 17.97it/s]
[1ACopy:  74%|███████▎  | 241/327 [00:13<00:04, 18.23it/s]
[1ACopy:  74%|███████▍  | 243/327 [00:13<00:04, 16.94it/s]
[1ACopy:  75%|███████▍  | 245/327 [00:13<00:05, 16.19it/s]
[1ACopy:  76%|███████▌  | 248/327 [00:13<00:04, 17.63it/s]
[1ACopy:  77%|███████▋  | 251/327 [00:13<00:03, 19.46it/s]
[1ACopy:  77%|███████▋  | 253/327 [00:14<00:04, 17.50it/s]
[1ACopy:  78%|███████▊  | 256/327 [00:14<00:04, 16.45it/s]
[1ACopy:  79%|███████▉  | 259/327 [00:14<00:03, 17.73it/s]
[1ACopy:  80%|████████  | 262/327 [00:14<00:03, 20.32it/s]
[1ACopy:  81%|████████  | 265/327 [00:14<00:02, 21.07it/s]
[1ACopy:  82%|████████▏ | 268/327 [00:14<00:02, 20.06it/s]
[1ACopy:  83%|████████▎ | 271/327 [00:14<00:02, 20.07it/s]
[1ACopy:  84%|████████▍ | 274/327 [00:15<00:02, 22.05it/s]
[1ACopy:  85%|████████▍ | 277/327 [00:15<00:02, 22.34it/s]
[1ACopy:  86%|████████▌ | 280/327 [00:15<00:02, 20.13it/s]
[1ACopy:  87%|████████▋ | 283/327 [00:15<00:02, 20.35it/s]
[1ACopy:  87%|████████▋ | 286/327 [00:15<00:01, 21.82it/s]
[1ACopy:  88%|████████▊ | 289/327 [00:15<00:01, 21.14it/s]
[1ACopy:  89%|████████▉ | 292/327 [00:15<00:01, 20.76it/s]
[1ACopy:  90%|█████████ | 295/327 [00:16<00:01, 20.61it/s]
[1ACopy:  91%|█████████ | 298/327 [00:16<00:01, 19.58it/s]
[1ACopy:  92%|█████████▏| 301/327 [00:16<00:01, 20.44it/s]
[1ACopy:  93%|█████████▎| 304/327 [00:16<00:01, 21.88it/s]
[1ACopy:  94%|█████████▍| 307/327 [00:16<00:00, 22.43it/s]
[1ACopy:  95%|█████████▍| 310/327 [00:16<00:00, 21.41it/s]
[1ACopy:  96%|█████████▌| 313/327 [00:16<00:00, 20.97it/s]
[1ACopy:  97%|█████████▋| 316/327 [00:17<00:00, 22.46it/s]
[1ACopy:  98%|█████████▊| 319/327 [00:17<00:00, 21.78it/s]
[1ACopy:  98%|█████████▊| 322/327 [00:17<00:00, 20.68it/s]
[1ACopy:  99%|█████████▉| 325/327 [00:17<00:00, 20.87it/s]
[1ACopy: 100%|██████████| 327/327 [00:17<00:00, 18.65it/s]
[[36m08/07 12:11:00[0m][[32mINFO[0m] [GPU]: Tesla T4[0m
[[36m08/07 12:11:00[0m][[32mINFO[0m] [GPU]: _CudaDeviceProperties(name='Tesla T4', major=7, minor=5, total_memory=14912MB, multi_processor_count=40)[0m
[[36m08/07 12:11:00[0m][[32mINFO[0m] [Preprocess] Start![0m

[1AYoloV8 Tracking:   0%|          | 0/327 [00:00<?, ?it/s]/usr/local/lib/python3.10/site-packages/torch/nn/modules/conv.py:456: UserWarning: Plan failed with a cudnnException: CUDNN_BACKEND_EXECUTION_PLAN_DESCRIPTOR: cudnnFinalize Descriptor Failed cudnn_status: CUDNN_STATUS_NOT_SUPPORTED (Triggered internally at ../aten/src/ATen/native/cudnn/Conv_v8.cpp:919.)
  return F.conv2d(input, weight, bias, self.stride,

[1AYoloV8 Tracking:   0%|          | 1/327 [00:01<10:08,  1.87s/it]
[1AYoloV8 Tracking:   1%|          | 2/327 [00:01<04:34,  1.19it/s]
[1AYoloV8 Tracking:   1%|          | 3/327 [00:02<02:43,  1.98it/s]
[1AYoloV8 Tracking:   2%|▏         | 5/327 [00:02<01:26,  3.71it/s]
[1AYoloV8 Tracking:   2%|▏         | 7/327 [00:02<00:59,  5.34it/s]
[1AYoloV8 Tracking:   3%|▎         | 9/327 [00:02<00:47,  6.70it/s]
[1AYoloV8 Tracking:   3%|▎         | 11/327 [00:02<00:38,  8.14it/s]
[1AYoloV8 Tracking:   4%|▍         | 13/327 [00:02<00:34,  8.98it/s]
[1AYoloV8 Tracking:   5%|▍         | 15/327 [00:03<00:31,  9.98it/s]
[1AYoloV8 Tracking:   5%|▌         | 17/327 [00:03<00:29, 10.45it/s]
[1AYoloV8 Tracking:   6%|▌         | 19/327 [00:03<00:27, 11.07it/s]
[1AYoloV8 Tracking:   6%|▋         | 21/327 [00:03<00:26, 11.36it/s]
[1AYoloV8 Tracking:   7%|▋         | 23/327 [00:03<00:25, 11.98it/s]
[1AYoloV8 Tracking:   8%|▊         | 25/327 [00:03<00:24, 12.36it/s]
[1AYoloV8 Tracking:   8%|▊         | 27/327 [00:04<00:23, 12.52it/s]
[1AYoloV8 Tracking:   9%|▉         | 29/327 [00:04<00:23, 12.75it/s]
[1AYoloV8 Tracking:   9%|▉         | 31/327 [00:04<00:22, 13.01it/s]
[1AYoloV8 Tracking:  10%|█         | 33/327 [00:04<00:22, 12.83it/s]
[1AYoloV8 Tracking:  11%|█         | 35/327 [00:04<00:22, 12.86it/s]
[1AYoloV8 Tracking:  11%|█▏        | 37/327 [00:04<00:22, 13.12it/s]
[1AYoloV8 Tracking:  12%|█▏        | 39/327 [00:04<00:21, 13.26it/s]
[1AYoloV8 Tracking:  13%|█▎        | 41/327 [00:05<00:21, 13.34it/s]
[1AYoloV8 Tracking:  13%|█▎        | 43/327 [00:05<00:21, 13.47it/s]
[1AYoloV8 Tracking:  14%|█▍        | 45/327 [00:05<00:21, 13.42it/s]
[1AYoloV8 Tracking:  14%|█▍        | 47/327 [00:05<00:21, 13.31it/s]
[1AYoloV8 Tracking:  15%|█▍        | 49/327 [00:05<00:21, 12.99it/s]
[1AYoloV8 Tracking:  16%|█▌        | 51/327 [00:05<00:21, 12.80it/s]
[1AYoloV8 Tracking:  16%|█▌        | 53/327 [00:06<00:21, 12.90it/s]
[1AYoloV8 Tracking:  17%|█▋        | 55/327 [00:06<00:21, 12.92it/s]
[1AYoloV8 Tracking:  17%|█▋        | 57/327 [00:06<00:21, 12.84it/s]
[1AYoloV8 Tracking:  18%|█▊        | 59/327 [00:06<00:20, 13.02it/s]
[1AYoloV8 Tracking:  19%|█▊        | 61/327 [00:06<00:20, 13.04it/s]
[1AYoloV8 Tracking:  19%|█▉        | 63/327 [00:06<00:20, 13.03it/s]
[1AYoloV8 Tracking:  20%|█▉        | 65/327 [00:06<00:20, 12.95it/s]
[1AYoloV8 Tracking:  20%|██        | 67/327 [00:07<00:21, 12.32it/s]
[1AYoloV8 Tracking:  21%|██        | 69/327 [00:07<00:20, 12.58it/s]
[1AYoloV8 Tracking:  22%|██▏       | 71/327 [00:07<00:20, 12.45it/s]
[1AYoloV8 Tracking:  22%|██▏       | 73/327 [00:07<00:19, 12.73it/s]
[1AYoloV8 Tracking:  23%|██▎       | 75/327 [00:07<00:19, 13.05it/s]
[1AYoloV8 Tracking:  24%|██▎       | 77/327 [00:07<00:18, 13.16it/s]
[1AYoloV8 Tracking:  24%|██▍       | 79/327 [00:08<00:19, 12.74it/s]
[1AYoloV8 Tracking:  25%|██▍       | 81/327 [00:08<00:19, 12.93it/s]
[1AYoloV8 Tracking:  25%|██▌       | 83/327 [00:08<00:18, 13.07it/s]
[1AYoloV8 Tracking:  26%|██▌       | 85/327 [00:08<00:18, 13.18it/s]
[1AYoloV8 Tracking:  27%|██▋       | 87/327 [00:08<00:18, 13.15it/s]
[1AYoloV8 Tracking:  27%|██▋       | 89/327 [00:08<00:18, 13.03it/s]
[1AYoloV8 Tracking:  28%|██▊       | 91/327 [00:08<00:17, 13.14it/s]
[1AYoloV8 Tracking:  28%|██▊       | 93/327 [00:09<00:17, 13.05it/s]
[1AYoloV8 Tracking:  29%|██▉       | 95/327 [00:09<00:18, 12.86it/s]
[1AYoloV8 Tracking:  30%|██▉       | 97/327 [00:09<00:17, 13.12it/s]
[1AYoloV8 Tracking:  30%|███       | 99/327 [00:09<00:17, 13.14it/s]
[1AYoloV8 Tracking:  31%|███       | 101/327 [00:09<00:17, 13.16it/s]
[1AYoloV8 Tracking:  31%|███▏      | 103/327 [00:09<00:16, 13.23it/s]
[1AYoloV8 Tracking:  32%|███▏      | 105/327 [00:10<00:16, 13.22it/s]
[1AYoloV8 Tracking:  33%|███▎      | 107/327 [00:10<00:16, 13.40it/s]
[1AYoloV8 Tracking:  33%|███▎      | 109/327 [00:10<00:16, 13.36it/s]
[1AYoloV8 Tracking:  34%|███▍      | 111/327 [00:10<00:16, 13.48it/s]
[1AYoloV8 Tracking:  35%|███▍      | 113/327 [00:10<00:16, 13.36it/s]
[1AYoloV8 Tracking:  35%|███▌      | 115/327 [00:10<00:15, 13.47it/s]
[1AYoloV8 Tracking:  36%|███▌      | 117/327 [00:10<00:15, 13.56it/s]
[1AYoloV8 Tracking:  36%|███▋      | 119/327 [00:11<00:15, 13.51it/s]
[1AYoloV8 Tracking:  37%|███▋      | 121/327 [00:11<00:15, 13.43it/s]
[1AYoloV8 Tracking:  38%|███▊      | 123/327 [00:11<00:15, 13.40it/s]
[1AYoloV8 Tracking:  38%|███▊      | 125/327 [00:11<00:15, 13.27it/s]
[1AYoloV8 Tracking:  39%|███▉      | 127/327 [00:11<00:15, 13.33it/s]
[1AYoloV8 Tracking:  39%|███▉      | 129/327 [00:11<00:14, 13.37it/s]
[1AYoloV8 Tracking:  40%|████      | 131/327 [00:11<00:14, 13.14it/s]
[1AYoloV8 Tracking:  41%|████      | 133/327 [00:12<00:14, 13.07it/s]
[1AYoloV8 Tracking:  41%|████▏     | 135/327 [00:12<00:14, 13.15it/s]
[1AYoloV8 Tracking:  42%|████▏     | 137/327 [00:12<00:14, 13.11it/s]
[1AYoloV8 Tracking:  43%|████▎     | 139/327 [00:12<00:14, 13.18it/s]
[1AYoloV8 Tracking:  43%|████▎     | 141/327 [00:12<00:14, 12.77it/s]
[1AYoloV8 Tracking:  44%|████▎     | 143/327 [00:12<00:14, 12.81it/s]
[1AYoloV8 Tracking:  44%|████▍     | 145/327 [00:13<00:14, 12.26it/s]
[1AYoloV8 Tracking:  45%|████▍     | 147/327 [00:13<00:14, 12.15it/s]
[1AYoloV8 Tracking:  46%|████▌     | 149/327 [00:13<00:14, 11.91it/s]
[1AYoloV8 Tracking:  46%|████▌     | 151/327 [00:13<00:14, 12.09it/s]
[1AYoloV8 Tracking:  47%|████▋     | 153/327 [00:13<00:14, 12.40it/s]
[1AYoloV8 Tracking:  47%|████▋     | 155/327 [00:13<00:13, 12.41it/s]
[1AYoloV8 Tracking:  48%|████▊     | 157/327 [00:14<00:13, 12.28it/s]
[1AYoloV8 Tracking:  49%|████▊     | 159/327 [00:14<00:13, 12.53it/s]
[1AYoloV8 Tracking:  49%|████▉     | 161/327 [00:14<00:13, 12.66it/s]
[1AYoloV8 Tracking:  50%|████▉     | 163/327 [00:14<00:13, 12.24it/s]
[1AYoloV8 Tracking:  50%|█████     | 165/327 [00:14<00:13, 12.43it/s]
[1AYoloV8 Tracking:  51%|█████     | 167/327 [00:14<00:12, 12.73it/s]
[1AYoloV8 Tracking:  52%|█████▏    | 169/327 [00:15<00:12, 12.97it/s]
[1AYoloV8 Tracking:  52%|█████▏    | 171/327 [00:15<00:11, 13.16it/s]
[1AYoloV8 Tracking:  53%|█████▎    | 173/327 [00:15<00:11, 13.28it/s]
[1AYoloV8 Tracking:  54%|█████▎    | 175/327 [00:15<00:11, 13.30it/s]
[1AYoloV8 Tracking:  54%|█████▍    | 177/327 [00:15<00:11, 13.46it/s]
[1AYoloV8 Tracking:  55%|█████▍    | 179/327 [00:15<00:11, 13.31it/s]
[1AYoloV8 Tracking:  55%|█████▌    | 181/327 [00:15<00:10, 13.41it/s]
[1AYoloV8 Tracking:  56%|█████▌    | 183/327 [00:16<00:10, 13.30it/s]
[1AYoloV8 Tracking:  57%|█████▋    | 185/327 [00:16<00:10, 13.30it/s]
[1AYoloV8 Tracking:  57%|█████▋    | 187/327 [00:16<00:10, 13.43it/s]
[1AYoloV8 Tracking:  58%|█████▊    | 189/327 [00:16<00:10, 13.23it/s]
[1AYoloV8 Tracking:  58%|█████▊    | 191/327 [00:16<00:10, 13.05it/s]
[1AYoloV8 Tracking:  59%|█████▉    | 193/327 [00:16<00:10, 12.84it/s]
[1AYoloV8 Tracking:  60%|█████▉    | 195/327 [00:16<00:10, 12.82it/s]
[1AYoloV8 Tracking:  60%|██████    | 197/327 [00:17<00:09, 13.01it/s]
[1AYoloV8 Tracking:  61%|██████    | 199/327 [00:17<00:10, 12.65it/s]
[1AYoloV8 Tracking:  61%|██████▏   | 201/327 [00:17<00:10, 12.22it/s]
[1AYoloV8 Tracking:  62%|██████▏   | 203/327 [00:17<00:09, 12.42it/s]
[1AYoloV8 Tracking:  63%|██████▎   | 205/327 [00:17<00:09, 12.75it/s]
[1AYoloV8 Tracking:  63%|██████▎   | 207/327 [00:17<00:09, 13.13it/s]
[1AYoloV8 Tracking:  64%|██████▍   | 209/327 [00:18<00:09, 12.58it/s]
[1AYoloV8 Tracking:  65%|██████▍   | 211/327 [00:18<00:09, 12.76it/s]
[1AYoloV8 Tracking:  65%|██████▌   | 213/327 [00:18<00:08, 12.81it/s]
[1AYoloV8 Tracking:  66%|██████▌   | 215/327 [00:18<00:08, 13.09it/s]
[1AYoloV8 Tracking:  66%|██████▋   | 217/327 [00:18<00:08, 12.95it/s]
[1AYoloV8 Tracking:  67%|██████▋   | 219/327 [00:18<00:08, 13.27it/s]
[1AYoloV8 Tracking:  68%|██████▊   | 221/327 [00:19<00:08, 12.82it/s]
[1AYoloV8 Tracking:  68%|██████▊   | 223/327 [00:19<00:08, 12.92it/s]
[1AYoloV8 Tracking:  69%|██████▉   | 225/327 [00:19<00:07, 12.96it/s]
[1AYoloV8 Tracking:  69%|██████▉   | 227/327 [00:19<00:07, 12.68it/s]
[1AYoloV8 Tracking:  70%|███████   | 229/327 [00:19<00:07, 12.81it/s]
[1AYoloV8 Tracking:  71%|███████   | 231/327 [00:19<00:07, 12.61it/s]
[1AYoloV8 Tracking:  71%|███████▏  | 233/327 [00:19<00:07, 12.84it/s]
[1AYoloV8 Tracking:  72%|███████▏  | 235/327 [00:20<00:07, 12.69it/s]
[1AYoloV8 Tracking:  72%|███████▏  | 237/327 [00:20<00:07, 12.27it/s]
[1AYoloV8 Tracking:  73%|███████▎  | 239/327 [00:20<00:07, 12.57it/s]
[1AYoloV8 Tracking:  74%|███████▎  | 241/327 [00:20<00:06, 12.77it/s]
[1AYoloV8 Tracking:  74%|███████▍  | 243/327 [00:20<00:06, 12.91it/s]
[1AYoloV8 Tracking:  75%|███████▍  | 245/327 [00:20<00:06, 12.86it/s]
[1AYoloV8 Tracking:  76%|███████▌  | 247/327 [00:21<00:06, 12.41it/s]
[1AYoloV8 Tracking:  76%|███████▌  | 249/327 [00:21<00:06, 12.72it/s]
[1AYoloV8 Tracking:  77%|███████▋  | 251/327 [00:21<00:05, 12.85it/s]
[1AYoloV8 Tracking:  77%|███████▋  | 253/327 [00:21<00:05, 13.02it/s]
[1AYoloV8 Tracking:  78%|███████▊  | 255/327 [00:21<00:05, 13.09it/s]
[1AYoloV8 Tracking:  79%|███████▊  | 257/327 [00:21<00:05, 12.33it/s]
[1AYoloV8 Tracking:  79%|███████▉  | 259/327 [00:22<00:05, 12.39it/s]
[1AYoloV8 Tracking:  80%|███████▉  | 261/327 [00:22<00:05, 12.41it/s]
[1AYoloV8 Tracking:  80%|████████  | 263/327 [00:22<00:05, 12.66it/s]
[1AYoloV8 Tracking:  81%|████████  | 265/327 [00:22<00:04, 12.86it/s]
[1AYoloV8 Tracking:  82%|████████▏ | 267/327 [00:22<00:04, 12.68it/s]
[1AYoloV8 Tracking:  82%|████████▏ | 269/327 [00:22<00:04, 12.54it/s]
[1AYoloV8 Tracking:  83%|████████▎ | 271/327 [00:22<00:04, 12.50it/s]
[1AYoloV8 Tracking:  83%|████████▎ | 273/327 [00:23<00:04, 12.42it/s]
[1AYoloV8 Tracking:  84%|████████▍ | 275/327 [00:23<00:04, 12.25it/s]
[1AYoloV8 Tracking:  85%|████████▍ | 277/327 [00:23<00:04, 12.44it/s]
[1AYoloV8 Tracking:  85%|████████▌ | 279/327 [00:23<00:03, 12.76it/s]
[1AYoloV8 Tracking:  86%|████████▌ | 281/327 [00:23<00:03, 12.48it/s]
[1AYoloV8 Tracking:  87%|████████▋ | 283/327 [00:23<00:03, 12.65it/s]
[1AYoloV8 Tracking:  87%|████████▋ | 285/327 [00:24<00:03, 12.81it/s]
[1AYoloV8 Tracking:  88%|████████▊ | 287/327 [00:24<00:03, 12.93it/s]
[1AYoloV8 Tracking:  88%|████████▊ | 289/327 [00:24<00:02, 12.79it/s]
[1AYoloV8 Tracking:  89%|████████▉ | 291/327 [00:24<00:02, 12.49it/s]
[1AYoloV8 Tracking:  90%|████████▉ | 293/327 [00:24<00:02, 12.29it/s]
[1AYoloV8 Tracking:  90%|█████████ | 295/327 [00:24<00:02, 12.67it/s]
[1AYoloV8 Tracking:  91%|█████████ | 297/327 [00:25<00:02, 12.93it/s]
[1AYoloV8 Tracking:  91%|█████████▏| 299/327 [00:25<00:02, 12.40it/s]
[1AYoloV8 Tracking:  92%|█████████▏| 301/327 [00:25<00:02, 12.43it/s]
[1AYoloV8 Tracking:  93%|█████████▎| 303/327 [00:25<00:01, 12.64it/s]
[1AYoloV8 Tracking:  93%|█████████▎| 305/327 [00:25<00:01, 12.86it/s]
[1AYoloV8 Tracking:  94%|█████████▍| 307/327 [00:25<00:01, 13.13it/s]
[1AYoloV8 Tracking:  94%|█████████▍| 309/327 [00:25<00:01, 13.23it/s]
[1AYoloV8 Tracking:  95%|█████████▌| 311/327 [00:26<00:01, 12.91it/s]
[1AYoloV8 Tracking:  96%|█████████▌| 313/327 [00:26<00:01, 13.00it/s]
[1AYoloV8 Tracking:  96%|█████████▋| 315/327 [00:26<00:00, 13.02it/s]
[1AYoloV8 Tracking:  97%|█████████▋| 317/327 [00:26<00:00, 13.06it/s]
[1AYoloV8 Tracking:  98%|█████████▊| 319/327 [00:26<00:00, 13.07it/s]
[1AYoloV8 Tracking:  98%|█████████▊| 321/327 [00:26<00:00, 13.05it/s]
[1AYoloV8 Tracking:  99%|█████████▉| 323/327 [00:27<00:00, 12.91it/s]
[1AYoloV8 Tracking:  99%|█████████▉| 325/327 [00:27<00:00, 12.92it/s]
[1AYoloV8 Tracking: 100%|██████████| 327/327 [00:27<00:00, 12.76it/s]
[1AYoloV8 Tracking: 100%|██████████| 327/327 [00:27<00:00, 11.96it/s]

[1AViTPose:   0%|          | 0/21 [00:00<?, ?it/s]
[1AViTPose:   5%|▍         | 1/21 [00:02<00:40,  2.04s/it]
[1AViTPose:  10%|▉         | 2/21 [00:03<00:37,  1.98s/it]
[1AViTPose:  14%|█▍        | 3/21 [00:05<00:35,  1.96s/it]
[1AViTPose:  19%|█▉        | 4/21 [00:07<00:33,  1.95s/it]
[1AViTPose:  24%|██▍       | 5/21 [00:09<00:31,  1.95s/it]
[1AViTPose:  29%|██▊       | 6/21 [00:11<00:29,  1.95s/it]
[1AViTPose:  33%|███▎      | 7/21 [00:13<00:27,  1.95s/it]
[1AViTPose:  38%|███▊      | 8/21 [00:15<00:25,  1.94s/it]
[1AViTPose:  43%|████▎     | 9/21 [00:17<00:23,  1.95s/it]
[1AViTPose:  48%|████▊     | 10/21 [00:19<00:21,  1.96s/it]
[1AViTPose:  52%|█████▏    | 11/21 [00:21<00:19,  1.97s/it]
[1AViTPose:  57%|█████▋    | 12/21 [00:23<00:17,  1.97s/it]
[1AViTPose:  62%|██████▏   | 13/21 [00:25<00:15,  1.98s/it]
[1AViTPose:  67%|██████▋   | 14/21 [00:27<00:13,  1.98s/it]
[1AViTPose:  71%|███████▏  | 15/21 [00:29<00:11,  1.98s/it]
[1AViTPose:  76%|███████▌  | 16/21 [00:31<00:09,  1.98s/it]
[1AViTPose:  81%|████████  | 17/21 [00:33<00:07,  1.99s/it]
[1AViTPose:  86%|████████▌ | 18/21 [00:35<00:05,  1.99s/it]
[1AViTPose:  90%|█████████ | 19/21 [00:37<00:03,  1.99s/it]
[1AViTPose:  95%|█████████▌| 20/21 [00:39<00:01,  1.99s/it]
[1AViTPose: 100%|██████████| 21/21 [00:40<00:00,  1.67s/it]
[1AViTPose: 100%|██████████| 21/21 [00:40<00:00,  1.92s/it]

[1AHMR2 Feature:   0%|          | 0/21 [00:00<?, ?it/s]
[1AHMR2 Feature:   5%|▍         | 1/21 [00:01<00:20,  1.03s/it]
[1AHMR2 Feature:  10%|▉         | 2/21 [00:01<00:18,  1.01it/s]
[1AHMR2 Feature:  14%|█▍        | 3/21 [00:02<00:17,  1.02it/s]
[1AHMR2 Feature:  19%|█▉        | 4/21 [00:03<00:16,  1.02it/s]
[1AHMR2 Feature:  24%|██▍       | 5/21 [00:04<00:15,  1.02it/s]
[1AHMR2 Feature:  29%|██▊       | 6/21 [00:05<00:14,  1.03it/s]
[1AHMR2 Feature:  33%|███▎      | 7/21 [00:06<00:13,  1.03it/s]
[1AHMR2 Feature:  38%|███▊      | 8/21 [00:07<00:12,  1.03it/s]
[1AHMR2 Feature:  43%|████▎     | 9/21 [00:08<00:11,  1.03it/s]
[1AHMR2 Feature:  48%|████▊     | 10/21 [00:09<00:10,  1.03it/s]
[1AHMR2 Feature:  52%|█████▏    | 11/21 [00:10<00:09,  1.03it/s]
[1AHMR2 Feature:  57%|█████▋    | 12/21 [00:11<00:08,  1.03it/s]
[1AHMR2 Feature:  62%|██████▏   | 13/21 [00:12<00:07,  1.02it/s]
[1AHMR2 Feature:  67%|██████▋   | 14/21 [00:13<00:06,  1.02it/s]
[1AHMR2 Feature:  71%|███████▏  | 15/21 [00:14<00:05,  1.02it/s]
[1AHMR2 Feature:  76%|███████▌  | 16/21 [00:15<00:04,  1.02it/s]
[1AHMR2 Feature:  81%|████████  | 17/21 [00:16<00:03,  1.02it/s]
[1AHMR2 Feature:  86%|████████▌ | 18/21 [00:17<00:02,  1.02it/s]
[1AHMR2 Feature:  90%|█████████ | 19/21 [00:18<00:01,  1.02it/s]
[1AHMR2 Feature:  95%|█████████▌| 20/21 [00:19<00:00,  1.02it/s]
[1AHMR2 Feature: 100%|██████████| 21/21 [00:20<00:00,  1.19it/s]
[1AHMR2 Feature: 100%|██████████| 21/21 [00:20<00:00,  1.05it/s]
[[36m08/07 12:13:00[0m][[32mINFO[0m] [Preprocess] End. Time elapsed: 120.28s[0m
[[36m08/07 12:13:00[0m][[32mINFO[0m] [HMR4D] Predicting[0m
[[36m08/07 12:13:00[0m][[32mINFO[0m] [EnDecoder] Use MM_V1_AMASS_LOCAL_BEDLAM_CAM for statistics![0m
[[36m08/07 12:13:01[0m][[32mINFO[0m] [PL-Trainer] Loading ckpt type: inputs/checkpoints/gvhmr/gvhmr_siga24_release.ckpt[0m
[[36m08/07 12:13:03[0m][[32mINFO[0m] [HMR4D] Elapsed: 0.89s for data-length=10.9s[0m

[1ARendering Incam:   0%|          | 0/327 [00:00<?, ?it/s]
[1ARendering Incam:   0%|          | 1/327 [00:01<08:08,  1.50s/it]
[1ARendering Incam:   1%|          | 2/327 [00:02<06:21,  1.17s/it]
[1ARendering Incam:   1%|          | 3/327 [00:03<06:44,  1.25s/it]
[1ARendering Incam:   1%|          | 4/327 [00:03<04:21,  1.24it/s]
[1ARendering Incam:   2%|▏         | 5/327 [00:04<03:02,  1.76it/s]
[1ARendering Incam:   2%|▏         | 6/327 [00:04<02:11,  2.45it/s]
[1ARendering Incam:   2%|▏         | 8/327 [00:04<01:19,  4.01it/s]
[1ARendering Incam:   3%|▎         | 10/327 [00:04<00:56,  5.57it/s]
[1ARendering Incam:   4%|▎         | 12/327 [00:04<00:44,  7.06it/s]
[1ARendering Incam:   4%|▍         | 14/327 [00:04<00:37,  8.43it/s]
[1ARendering Incam:   5%|▍         | 16/327 [00:04<00:32,  9.68it/s]
[1ARendering Incam:   6%|▌         | 18/327 [00:05<00:28, 10.69it/s]
[1ARendering Incam:   6%|▌         | 20/327 [00:05<00:26, 11.43it/s]
[1ARendering Incam:   7%|▋         | 22/327 [00:05<00:25, 12.05it/s]
[1ARendering Incam:   7%|▋         | 24/327 [00:05<00:24, 12.54it/s]
[1ARendering Incam:   8%|▊         | 26/327 [00:05<00:23, 12.81it/s]
[1ARendering Incam:   9%|▊         | 28/327 [00:05<00:22, 13.11it/s]
[1ARendering Incam:   9%|▉         | 30/327 [00:05<00:22, 13.25it/s]
[1ARendering Incam:  10%|▉         | 32/327 [00:06<00:22, 13.29it/s]
[1ARendering Incam:  10%|█         | 34/327 [00:06<00:22, 13.21it/s]
[1ARendering Incam:  11%|█         | 36/327 [00:06<00:21, 13.38it/s]
[1ARendering Incam:  12%|█▏        | 38/327 [00:06<00:21, 13.38it/s]
[1ARendering Incam:  12%|█▏        | 40/327 [00:06<00:21, 13.46it/s]
[1ARendering Incam:  13%|█▎        | 42/327 [00:06<00:26, 10.58it/s]
[1ARendering Incam:  13%|█▎        | 44/327 [00:07<00:26, 10.60it/s]
[1ARendering Incam:  14%|█▍        | 46/327 [00:07<00:26, 10.43it/s]
[1ARendering Incam:  15%|█▍        | 48/327 [00:07<00:25, 10.81it/s]
[1ARendering Incam:  15%|█▌        | 50/327 [00:07<00:27, 10.02it/s]
[1ARendering Incam:  16%|█▌        | 52/327 [00:07<00:28,  9.77it/s]
[1ARendering Incam:  17%|█▋        | 54/327 [00:08<00:30,  8.92it/s]
[1ARendering Incam:  17%|█▋        | 55/327 [00:08<00:30,  9.04it/s]
[1ARendering Incam:  17%|█▋        | 57/327 [00:08<00:28,  9.39it/s]
[1ARendering Incam:  18%|█▊        | 59/327 [00:08<00:26, 10.09it/s]
[1ARendering Incam:  19%|█▊        | 61/327 [00:08<00:26, 10.04it/s]
[1ARendering Incam:  19%|█▉        | 63/327 [00:09<00:24, 10.60it/s]
[1ARendering Incam:  20%|█▉        | 65/327 [00:09<00:24, 10.63it/s]
[1ARendering Incam:  20%|██        | 67/327 [00:09<00:23, 10.92it/s]
[1ARendering Incam:  21%|██        | 69/327 [00:09<00:23, 10.81it/s]
[1ARendering Incam:  22%|██▏       | 71/327 [00:09<00:23, 11.05it/s]
[1ARendering Incam:  22%|██▏       | 73/327 [00:10<00:24, 10.48it/s]
[1ARendering Incam:  23%|██▎       | 75/327 [00:10<00:23, 10.92it/s]
[1ARendering Incam:  24%|██▎       | 77/327 [00:10<00:22, 10.93it/s]
[1ARendering Incam:  24%|██▍       | 79/327 [00:10<00:22, 11.27it/s]
[1ARendering Incam:  25%|██▍       | 81/327 [00:10<00:22, 10.99it/s]
[1ARendering Incam:  25%|██▌       | 83/327 [00:10<00:21, 11.27it/s]
[1ARendering Incam:  26%|██▌       | 85/327 [00:11<00:21, 11.20it/s]
[1ARendering Incam:  27%|██▋       | 87/327 [00:11<00:21, 11.10it/s]
[1ARendering Incam:  27%|██▋       | 89/327 [00:11<00:22, 10.81it/s]
[1ARendering Incam:  28%|██▊       | 91/327 [00:11<00:20, 11.28it/s]
[1ARendering Incam:  28%|██▊       | 93/327 [00:11<00:20, 11.20it/s]
[1ARendering Incam:  29%|██▉       | 95/327 [00:11<00:20, 11.41it/s]
